[2025-03-10 16:00:58] [javac-output-49565] /Users/pripum/Documents/codeql-snyk-github-testing/codeql-and-workflows/src/verademo/app/src/main/java/com/veracode/verademo/Application.java:3: error: package org.springframework.boot does not exist
[2025-03-10 16:00:58] [javac-output-49565] import org.springframework.boot.SpringApplication;
[2025-03-10 16:00:58] [javac-output-49565]                                ^
[2025-03-10 16:00:58] [javac-output-49565] /Users/pripum/Documents/codeql-snyk-github-testing/codeql-and-workflows/src/verademo/app/src/main/java/com/veracode/verademo/Application.java:4: error: package org.springframework.boot.autoconfigure does not exist
[2025-03-10 16:00:58] [javac-output-49565] import org.springframework.boot.autoconfigure.SpringBootApplication;
[2025-03-10 16:00:58] [javac-output-49565]                                              ^
[2025-03-10 16:00:58] [javac-output-49565] /Users/pripum/Documents/codeql-snyk-github-testing/codeql-and-workflows/src/verademo/app/src/main/java/com/veracode/verademo/Application.java:5: error: package org.springframework.boot.builder does not exist
[2025-03-10 16:00:58] [javac-output-49565] import org.springframework.boot.builder.SpringApplicationBuilder;
[2025-03-10 16:00:58] [javac-output-49565]                                        ^
[2025-03-10 16:00:58] [javac-output-49565] /Users/pripum/Documents/codeql-snyk-github-testing/codeql-and-workflows/src/verademo/app/src/main/java/com/veracode/verademo/Application.java:6: error: package org.springframework.boot.web.servlet.support does not exist
[2025-03-10 16:00:58] [javac-output-49565] import org.springframework.boot.web.servlet.support.SpringBootServletInitializer;
[2025-03-10 16:00:58] [javac-output-49565]                                                    ^
[2025-03-10 16:00:58] [javac-output-49565] /Users/pripum/Documents/codeql-snyk-github-testing/codeql-and-workflows/src/verademo/app/src/main/java/com/veracode/verademo/Application.java:9: error: cannot find symbol
[2025-03-10 16:00:58] [javac-output-49565] public class Application extends SpringBootServletInitializer {
[2025-03-10 16:00:58] [javac-output-49565]                                  ^
[2025-03-10 16:00:58] [javac-output-49565]   symbol: class SpringBootServletInitializer
[2025-03-10 16:00:58] [javac-output-49565] /Users/pripum/Documents/codeql-snyk-github-testing/codeql-and-workflows/src/verademo/app/src/main/java/com/veracode/verademo/Application.java:8: error: cannot find symbol
[2025-03-10 16:00:58] [javac-output-49565] @SpringBootApplication
[2025-03-10 16:00:58] [javac-output-49565]  ^
[2025-03-10 16:00:58] [javac-output-49565]   symbol: class SpringBootApplication
[2025-03-10 16:00:58] [javac-output-49565] /Users/pripum/Documents/codeql-snyk-github-testing/codeql-and-workflows/src/verademo/app/src/main/java/com/veracode/verademo/Application.java:11: error: cannot find symbol
[2025-03-10 16:00:58] [javac-output-49565] 	protected SpringApplicationBuilder configure(SpringApplicationBuilder application) {
[2025-03-10 16:00:58] [javac-output-49565] 	                                             ^
[2025-03-10 16:00:58] [javac-output-49565]   symbol:   class SpringApplicationBuilder
[2025-03-10 16:00:58] [javac-output-49565]   location: class Application
[2025-03-10 16:00:58] [javac-output-49565] /Users/pripum/Documents/codeql-snyk-github-testing/codeql-and-workflows/src/verademo/app/src/main/java/com/veracode/verademo/Application.java:11: error: cannot find symbol
[2025-03-10 16:00:58] [javac-output-49565] 	protected SpringApplicationBuilder configure(SpringApplicationBuilder application) {
[2025-03-10 16:00:58] [javac-output-49565] 	          ^
[2025-03-10 16:00:58] [javac-output-49565]   symbol:   class SpringApplicationBuilder
[2025-03-10 16:00:58] [javac-output-49565]   location: class Application
[2025-03-10 16:00:58] [javac-output-49565] /Users/pripum/Documents/codeql-snyk-github-testing/codeql-and-workflows/src/verademo/app/src/main/java/com/veracode/verademo/commands/IgnoreCommand.java:9: error: package org.apache.log4j does not exist
[2025-03-10 16:00:58] [javac-output-49565] import org.apache.log4j.LogManager;
[2025-03-10 16:00:58] [javac-output-49565]                        ^
[2025-03-10 16:00:58] [javac-output-49565] /Users/pripum/Documents/codeql-snyk-github-testing/codeql-and-workflows/src/verademo/app/src/main/java/com/veracode/verademo/commands/IgnoreCommand.java:10: error: package org.apache.log4j does not exist
[2025-03-10 16:00:58] [javac-output-49565] import org.apache.log4j.Logger;
[2025-03-10 16:00:58] [javac-output-49565]                        ^
[2025-03-10 16:00:58] [javac-output-49565] /Users/pripum/Documents/codeql-snyk-github-testing/codeql-and-workflows/src/verademo/app/src/main/java/com/veracode/verademo/commands/IgnoreCommand.java:13: error: cannot find symbol
[2025-03-10 16:00:58] [javac-output-49565] 	private static final Logger logger = LogManager.getLogger("VeraDemo:IgnoreCommand");
[2025-03-10 16:00:58] [javac-output-49565] 	                     ^
[2025-03-10 16:00:58] [javac-output-49565]   symbol:   class Logger
[2025-03-10 16:00:58] [javac-output-49565]   location: class IgnoreCommand
[2025-03-10 16:00:58] [javac-output-49565] /Users/pripum/Documents/codeql-snyk-github-testing/codeql-and-workflows/src/verademo/app/src/main/java/com/veracode/verademo/commands/ListenCommand.java:9: error: package org.apache.log4j does not exist
[2025-03-10 16:00:58] [javac-output-49565] import org.apache.log4j.LogManager;
[2025-03-10 16:00:58] [javac-output-49565]                        ^
[2025-03-10 16:00:58] [javac-output-49565] /Users/pripum/Documents/codeql-snyk-github-testing/codeql-and-workflows/src/verademo/app/src/main/java/com/veracode/verademo/commands/ListenCommand.java:10: error: package org.apache.log4j does not exist
[2025-03-10 16:00:58] [javac-output-49565] import org.apache.log4j.Logger;
[2025-03-10 16:00:58] [javac-output-49565]                        ^
[2025-03-10 16:00:58] [javac-output-49565] /Users/pripum/Documents/codeql-snyk-github-testing/codeql-and-workflows/src/verademo/app/src/main/java/com/veracode/verademo/commands/ListenCommand.java:13: error: cannot find symbol
[2025-03-10 16:00:58] [javac-output-49565] 	private static final Logger logger = LogManager.getLogger("VeraDemo:ListenCommand");
[2025-03-10 16:00:58] [javac-output-49565] 	                     ^
[2025-03-10 16:00:58] [javac-output-49565]   symbol:   class Logger
[2025-03-10 16:00:58] [javac-output-49565]   location: class ListenCommand
[2025-03-10 16:00:58] [javac-output-49565] /Users/pripum/Documents/codeql-snyk-github-testing/codeql-and-workflows/src/verademo/app/src/main/java/com/veracode/verademo/commands/RemoveAccountCommand.java:9: error: package org.apache.log4j does not exist
[2025-03-10 16:00:58] [javac-output-49565] import org.apache.log4j.LogManager;
[2025-03-10 16:00:58] [javac-output-49565]                        ^
[2025-03-10 16:00:58] [javac-output-49565] /Users/pripum/Documents/codeql-snyk-github-testing/codeql-and-workflows/src/verademo/app/src/main/java/com/veracode/verademo/commands/RemoveAccountCommand.java:10: error: package org.apache.log4j does not exist
[2025-03-10 16:00:58] [javac-output-49565] import org.apache.log4j.Logger;
[2025-03-10 16:00:58] [javac-output-49565]                        ^
[2025-03-10 16:00:58] [javac-output-49565] /Users/pripum/Documents/codeql-snyk-github-testing/codeql-and-workflows/src/verademo/app/src/main/java/com/veracode/verademo/commands/RemoveAccountCommand.java:13: error: cannot find symbol
[2025-03-10 16:00:58] [javac-output-49565] 	private static final Logger logger = LogManager.getLogger("VeraDemo:RemoveAccountCommand");
[2025-03-10 16:00:58] [javac-output-49565] 	                     ^
[2025-03-10 16:00:58] [javac-output-49565]   symbol:   class Logger
[2025-03-10 16:00:58] [javac-output-49565]   location: class RemoveAccountCommand
[2025-03-10 16:00:58] [javac-output-49565] /Users/pripum/Documents/codeql-snyk-github-testing/codeql-and-workflows/src/verademo/app/src/main/java/com/veracode/verademo/controller/BlabController.java:13: error: package javax.servlet.http does not exist
[2025-03-10 16:00:58] [javac-output-49565] import javax.servlet.http.HttpServletRequest;
[2025-03-10 16:00:58] [javac-output-49565]                          ^
[2025-03-10 16:00:58] [javac-output-49565] /Users/pripum/Documents/codeql-snyk-github-testing/codeql-and-workflows/src/verademo/app/src/main/java/com/veracode/verademo/controller/BlabController.java:22: error: package org.apache.log4j does not exist
[2025-03-10 16:00:58] [javac-output-49565] import org.apache.log4j.LogManager;
[2025-03-10 16:00:58] [javac-output-49565]                        ^
[2025-03-10 16:00:58] [javac-output-49565] /Users/pripum/Documents/codeql-snyk-github-testing/codeql-and-workflows/src/verademo/app/src/main/java/com/veracode/verademo/controller/BlabController.java:23: error: package org.apache.log4j does not exist
[2025-03-10 16:00:58] [javac-output-49565] import org.apache.log4j.Logger;
[2025-03-10 16:00:58] [javac-output-49565]                        ^
[2025-03-10 16:00:58] [javac-output-49565] /Users/pripum/Documents/codeql-snyk-github-testing/codeql-and-workflows/src/verademo/app/src/main/java/com/veracode/verademo/controller/BlabController.java:24: error: package org.springframework.context.annotation does not exist
[2025-03-10 16:00:58] [javac-output-49565] import org.springframework.context.annotation.Scope;
[2025-03-10 16:00:58] [javac-output-49565]                                              ^
[2025-03-10 16:00:58] [javac-output-49565] /Users/pripum/Documents/codeql-snyk-github-testing/codeql-and-workflows/src/verademo/app/src/main/java/com/veracode/verademo/controller/BlabController.java:25: error: package org.springframework.stereotype does not exist
[2025-03-10 16:00:58] [javac-output-49565] import org.springframework.stereotype.Controller;
[2025-03-10 16:00:58] [javac-output-49565]                                      ^
[2025-03-10 16:00:58] [javac-output-49565] /Users/pripum/Documents/codeql-snyk-github-testing/codeql-and-workflows/src/verademo/app/src/main/java/com/veracode/verademo/controller/BlabController.java:26: error: package org.springframework.ui does not exist
[2025-03-10 16:00:58] [javac-output-49565] import org.springframework.ui.Model;
[2025-03-10 16:00:58] [javac-output-49565]                              ^
[2025-03-10 16:00:58] [javac-output-49565] /Users/pripum/Documents/codeql-snyk-github-testing/codeql-and-workflows/src/verademo/app/src/main/java/com/veracode/verademo/controller/BlabController.java:27: error: package org.springframework.web.bind.annotation does not exist
[2025-03-10 16:00:58] [javac-output-49565] import org.springframework.web.bind.annotation.RequestMapping;
[2025-03-10 16:00:58] [javac-output-49565]                                               ^
[2025-03-10 16:00:58] [javac-output-49565] /Users/pripum/Documents/codeql-snyk-github-testing/codeql-and-workflows/src/verademo/app/src/main/java/com/veracode/verademo/controller/BlabController.java:28: error: package org.springframework.web.bind.annotation does not exist
[2025-03-10 16:00:58] [javac-output-49565] import org.springframework.web.bind.annotation.RequestMethod;
[2025-03-10 16:00:58] [javac-output-49565]                                               ^
[2025-03-10 16:00:58] [javac-output-49565] /Users/pripum/Documents/codeql-snyk-github-testing/codeql-and-workflows/src/verademo/app/src/main/java/com/veracode/verademo/controller/BlabController.java:29: error: package org.springframework.web.bind.annotation does not exist
[2025-03-10 16:00:58] [javac-output-49565] import org.springframework.web.bind.annotation.RequestParam;
[2025-03-10 16:00:58] [javac-output-49565]                                               ^
[2025-03-10 16:00:58] [javac-output-49565] /Users/pripum/Documents/codeql-snyk-github-testing/codeql-and-workflows/src/verademo/app/src/main/java/com/veracode/verademo/controller/BlabController.java:30: error: package org.springframework.web.bind.annotation does not exist
[2025-03-10 16:00:58] [javac-output-49565] import org.springframework.web.bind.annotation.ResponseBody;
[2025-03-10 16:00:58] [javac-output-49565]                                               ^
[2025-03-10 16:00:58] [javac-output-49565] /Users/pripum/Documents/codeql-snyk-github-testing/codeql-and-workflows/src/verademo/app/src/main/java/com/veracode/verademo/controller/BlabController.java:32: error: cannot find symbol
[2025-03-10 16:00:58] [javac-output-49565] @Controller
[2025-03-10 16:00:58] [javac-output-49565]  ^
[2025-03-10 16:00:58] [javac-output-49565]   symbol: class Controller
[2025-03-10 16:00:58] [javac-output-49565] /Users/pripum/Documents/codeql-snyk-github-testing/codeql-and-workflows/src/verademo/app/src/main/java/com/veracode/verademo/controller/BlabController.java:33: error: cannot find symbol
[2025-03-10 16:00:58] [javac-output-49565] @Scope("request")
[2025-03-10 16:00:58] [javac-output-49565]  ^
[2025-03-10 16:00:58] [javac-output-49565]   symbol: class Scope
[2025-03-10 16:00:58] [javac-output-49565] /Users/pripum/Documents/codeql-snyk-github-testing/codeql-and-workflows/src/verademo/app/src/main/java/com/veracode/verademo/controller/BlabController.java:35: error: cannot find symbol
[2025-03-10 16:00:58] [javac-output-49565] 	private static final Logger logger = LogManager.getLogger("VeraDemo:BlabController");
[2025-03-10 16:00:58] [javac-output-49565] 	                     ^
[2025-03-10 16:00:58] [javac-output-49565]   symbol:   class Logger
[2025-03-10 16:00:58] [javac-output-49565]   location: class BlabController
[2025-03-10 16:00:58] [javac-output-49565] /Users/pripum/Documents/codeql-snyk-github-testing/codeql-and-workflows/src/verademo/app/src/main/java/com/veracode/verademo/controller/BlabController.java:49: error: cannot find symbol
[2025-03-10 16:00:58] [javac-output-49565] 			Model model,
[2025-03-10 16:00:58] [javac-output-49565] 			^
[2025-03-10 16:00:58] [javac-output-49565]   symbol:   class Model
[2025-03-10 16:00:58] [javac-output-49565]   location: class BlabController
[2025-03-10 16:00:58] [javac-output-49565] /Users/pripum/Documents/codeql-snyk-github-testing/codeql-and-workflows/src/verademo/app/src/main/java/com/veracode/verademo/controller/BlabController.java:50: error: cannot find symbol
[2025-03-10 16:00:58] [javac-output-49565] 			HttpServletRequest httpRequest) {
[2025-03-10 16:00:58] [javac-output-49565] 			^
[2025-03-10 16:00:58] [javac-output-49565]   symbol:   class HttpServletRequest
[2025-03-10 16:00:58] [javac-output-49565]   location: class BlabController
[2025-03-10 16:00:58] [javac-output-49565] /Users/pripum/Documents/codeql-snyk-github-testing/codeql-and-workflows/src/verademo/app/src/main/java/com/veracode/verademo/controller/BlabController.java:150: error: cannot find symbol
[2025-03-10 16:00:58] [javac-output-49565] 			Model model,
[2025-03-10 16:00:58] [javac-output-49565] 			^
[2025-03-10 16:00:58] [javac-output-49565]   symbol:   class Model
[2025-03-10 16:00:58] [javac-output-49565]   location: class BlabController
[2025-03-10 16:00:58] [javac-output-49565] /Users/pripum/Documents/codeql-snyk-github-testing/codeql-and-workflows/src/verademo/app/src/main/java/com/veracode/verademo/controller/BlabController.java:151: error: cannot find symbol
[2025-03-10 16:00:58] [javac-output-49565] 			HttpServletRequest httpRequest) {
[2025-03-10 16:00:58] [javac-output-49565] 			^
[2025-03-10 16:00:58] [javac-output-49565]   symbol:   class HttpServletRequest
[2025-03-10 16:00:58] [javac-output-49565]   location: class BlabController
[2025-03-10 16:00:58] [javac-output-49565] /Users/pripum/Documents/codeql-snyk-github-testing/codeql-and-workflows/src/verademo/app/src/main/java/com/veracode/verademo/controller/BlabController.java:202: error: cannot find symbol
[2025-03-10 16:00:58] [javac-output-49565] 			Model model,
[2025-03-10 16:00:58] [javac-output-49565] 			^
[2025-03-10 16:00:58] [javac-output-49565]   symbol:   class Model
[2025-03-10 16:00:58] [javac-output-49565]   location: class BlabController
[2025-03-10 16:00:58] [javac-output-49565] /Users/pripum/Documents/codeql-snyk-github-testing/codeql-and-workflows/src/verademo/app/src/main/java/com/veracode/verademo/controller/BlabController.java:203: error: cannot find symbol
[2025-03-10 16:00:58] [javac-output-49565] 			HttpServletRequest httpRequest) {
[2025-03-10 16:00:58] [javac-output-49565] 			^
[2025-03-10 16:00:58] [javac-output-49565]   symbol:   class HttpServletRequest
[2025-03-10 16:00:58] [javac-output-49565]   location: class BlabController
[2025-03-10 16:00:58] [javac-output-49565] /Users/pripum/Documents/codeql-snyk-github-testing/codeql-and-workflows/src/verademo/app/src/main/java/com/veracode/verademo/controller/BlabController.java:266: error: cannot find symbol
[2025-03-10 16:00:58] [javac-output-49565] 			Model model,
[2025-03-10 16:00:58] [javac-output-49565] 			^
[2025-03-10 16:00:58] [javac-output-49565]   symbol:   class Model
[2025-03-10 16:00:58] [javac-output-49565]   location: class BlabController
[2025-03-10 16:00:58] [javac-output-49565] /Users/pripum/Documents/codeql-snyk-github-testing/codeql-and-workflows/src/verademo/app/src/main/java/com/veracode/verademo/controller/BlabController.java:267: error: cannot find symbol
[2025-03-10 16:00:58] [javac-output-49565] 			HttpServletRequest httpRequest) {
[2025-03-10 16:00:58] [javac-output-49565] 			^
[2025-03-10 16:00:58] [javac-output-49565]   symbol:   class HttpServletRequest
[2025-03-10 16:00:58] [javac-output-49565]   location: class BlabController
[2025-03-10 16:00:58] [javac-output-49565] /Users/pripum/Documents/codeql-snyk-github-testing/codeql-and-workflows/src/verademo/app/src/main/java/com/veracode/verademo/controller/BlabController.java:361: error: cannot find symbol
[2025-03-10 16:00:58] [javac-output-49565] 			Model model,
[2025-03-10 16:00:58] [javac-output-49565] 			^
[2025-03-10 16:00:58] [javac-output-49565]   symbol:   class Model
[2025-03-10 16:00:58] [javac-output-49565]   location: class BlabController
[2025-03-10 16:00:58] [javac-output-49565] /Users/pripum/Documents/codeql-snyk-github-testing/codeql-and-workflows/src/verademo/app/src/main/java/com/veracode/verademo/controller/BlabController.java:362: error: cannot find symbol
[2025-03-10 16:00:58] [javac-output-49565] 			HttpServletRequest httpRequest) {
[2025-03-10 16:00:58] [javac-output-49565] 			^
[2025-03-10 16:00:58] [javac-output-49565]   symbol:   class HttpServletRequest
[2025-03-10 16:00:58] [javac-output-49565]   location: class BlabController
[2025-03-10 16:00:58] [javac-output-49565] /Users/pripum/Documents/codeql-snyk-github-testing/codeql-and-workflows/src/verademo/app/src/main/java/com/veracode/verademo/controller/BlabController.java:428: error: cannot find symbol
[2025-03-10 16:00:58] [javac-output-49565] 			Model model,
[2025-03-10 16:00:58] [javac-output-49565] 			^
[2025-03-10 16:00:58] [javac-output-49565]   symbol:   class Model
[2025-03-10 16:00:58] [javac-output-49565]   location: class BlabController
[2025-03-10 16:00:58] [javac-output-49565] /Users/pripum/Documents/codeql-snyk-github-testing/codeql-and-workflows/src/verademo/app/src/main/java/com/veracode/verademo/controller/BlabController.java:429: error: cannot find symbol
[2025-03-10 16:00:58] [javac-output-49565] 			HttpServletRequest httpRequest) {
[2025-03-10 16:00:58] [javac-output-49565] 			^
[2025-03-10 16:00:58] [javac-output-49565]   symbol:   class HttpServletRequest
[2025-03-10 16:00:58] [javac-output-49565]   location: class BlabController
[2025-03-10 16:00:58] [javac-output-49565] /Users/pripum/Documents/codeql-snyk-github-testing/codeql-and-workflows/src/verademo/app/src/main/java/com/veracode/verademo/controller/BlabController.java:511: error: cannot find symbol
[2025-03-10 16:00:58] [javac-output-49565] 			Model model,
[2025-03-10 16:00:58] [javac-output-49565] 			^
[2025-03-10 16:00:58] [javac-output-49565]   symbol:   class Model
[2025-03-10 16:00:58] [javac-output-49565]   location: class BlabController
[2025-03-10 16:00:58] [javac-output-49565] /Users/pripum/Documents/codeql-snyk-github-testing/codeql-and-workflows/src/verademo/app/src/main/java/com/veracode/verademo/controller/BlabController.java:512: error: cannot find symbol
[2025-03-10 16:00:58] [javac-output-49565] 			HttpServletRequest httpRequest) {
[2025-03-10 16:00:58] [javac-output-49565] 			^
[2025-03-10 16:00:58] [javac-output-49565]   symbol:   class HttpServletRequest
[2025-03-10 16:00:58] [javac-output-49565]   location: class BlabController
[2025-03-10 16:00:58] [javac-output-49565] /Users/pripum/Documents/codeql-snyk-github-testing/codeql-and-workflows/src/verademo/app/src/main/java/com/veracode/verademo/controller/HomeController.java:3: error: package javax.servlet.http does not exist
[2025-03-10 16:00:58] [javac-output-49565] import javax.servlet.http.HttpServletRequest;
[2025-03-10 16:00:58] [javac-output-49565]                          ^
[2025-03-10 16:00:58] [javac-output-49565] /Users/pripum/Documents/codeql-snyk-github-testing/codeql-and-workflows/src/verademo/app/src/main/java/com/veracode/verademo/controller/HomeController.java:4: error: package javax.servlet.http does not exist
[2025-03-10 16:00:58] [javac-output-49565] import javax.servlet.http.HttpServletResponse;
[2025-03-10 16:00:58] [javac-output-49565]                          ^
[2025-03-10 16:00:58] [javac-output-49565] /Users/pripum/Documents/codeql-snyk-github-testing/codeql-and-workflows/src/verademo/app/src/main/java/com/veracode/verademo/controller/HomeController.java:8: error: package org.springframework.stereotype does not exist
[2025-03-10 16:00:58] [javac-output-49565] import org.springframework.stereotype.Controller;
[2025-03-10 16:00:58] [javac-output-49565]                                      ^
[2025-03-10 16:00:58] [javac-output-49565] /Users/pripum/Documents/codeql-snyk-github-testing/codeql-and-workflows/src/verademo/app/src/main/java/com/veracode/verademo/controller/HomeController.java:9: error: package org.springframework.ui does not exist
[2025-03-10 16:00:58] [javac-output-49565] import org.springframework.ui.Model;
[2025-03-10 16:00:58] [javac-output-49565]                              ^
[2025-03-10 16:00:58] [javac-output-49565] /Users/pripum/Documents/codeql-snyk-github-testing/codeql-and-workflows/src/verademo/app/src/main/java/com/veracode/verademo/controller/HomeController.java:10: error: package org.springframework.web.bind.annotation does not exist
[2025-03-10 16:00:58] [javac-output-49565] import org.springframework.web.bind.annotation.RequestMapping;
[2025-03-10 16:00:58] [javac-output-49565]                                               ^
[2025-03-10 16:00:58] [javac-output-49565] /Users/pripum/Documents/codeql-snyk-github-testing/codeql-and-workflows/src/verademo/app/src/main/java/com/veracode/verademo/controller/HomeController.java:11: error: package org.springframework.web.bind.annotation does not exist
[2025-03-10 16:00:58] [javac-output-49565] import org.springframework.web.bind.annotation.RequestMethod;
[2025-03-10 16:00:58] [javac-output-49565]                                               ^
[2025-03-10 16:00:58] [javac-output-49565] /Users/pripum/Documents/codeql-snyk-github-testing/codeql-and-workflows/src/verademo/app/src/main/java/com/veracode/verademo/controller/HomeController.java:13: error: cannot find symbol
[2025-03-10 16:00:58] [javac-output-49565] @Controller
[2025-03-10 16:00:58] [javac-output-49565]  ^
[2025-03-10 16:00:58] [javac-output-49565]   symbol: class Controller
[2025-03-10 16:00:58] [javac-output-49565] /Users/pripum/Documents/codeql-snyk-github-testing/codeql-and-workflows/src/verademo/app/src/main/java/com/veracode/verademo/controller/HomeController.java:16: error: cannot find symbol
[2025-03-10 16:00:58] [javac-output-49565] 	public String renderGet(Model model, HttpServletRequest request, HttpServletResponse response) {
[2025-03-10 16:00:58] [javac-output-49565] 	                        ^
[2025-03-10 16:00:58] [javac-output-49565]   symbol:   class Model
[2025-03-10 16:00:58] [javac-output-49565]   location: class HomeController
[2025-03-10 16:00:58] [javac-output-49565] /Users/pripum/Documents/codeql-snyk-github-testing/codeql-and-workflows/src/verademo/app/src/main/java/com/veracode/verademo/controller/HomeController.java:16: error: cannot find symbol
[2025-03-10 16:00:58] [javac-output-49565] 	public String renderGet(Model model, HttpServletRequest request, HttpServletResponse response) {
[2025-03-10 16:00:58] [javac-output-49565] 	                                     ^
[2025-03-10 16:00:58] [javac-output-49565]   symbol:   class HttpServletRequest
[2025-03-10 16:00:58] [javac-output-49565]   location: class HomeController
[2025-03-10 16:00:58] [javac-output-49565] /Users/pripum/Documents/codeql-snyk-github-testing/codeql-and-workflows/src/verademo/app/src/main/java/com/veracode/verademo/controller/HomeController.java:16: error: cannot find symbol
[2025-03-10 16:00:58] [javac-output-49565] 	public String renderGet(Model model, HttpServletRequest request, HttpServletResponse response) {
[2025-03-10 16:00:58] [javac-output-49565] 	                                                                 ^
[2025-03-10 16:00:58] [javac-output-49565]   symbol:   class HttpServletResponse
[2025-03-10 16:00:58] [javac-output-49565]   location: class HomeController
[2025-03-10 16:00:58] [javac-output-49565] /Users/pripum/Documents/codeql-snyk-github-testing/codeql-and-workflows/src/verademo/app/src/main/java/com/veracode/verademo/controller/ResetController.java:15: error: package javax.servlet does not exist
[2025-03-10 16:00:58] [javac-output-49565] import javax.servlet.ServletContext;
[2025-03-10 16:00:58] [javac-output-49565]                     ^
[2025-03-10 16:00:58] [javac-output-49565] /Users/pripum/Documents/codeql-snyk-github-testing/codeql-and-workflows/src/verademo/app/src/main/java/com/veracode/verademo/controller/ResetController.java:21: error: package org.apache.log4j does not exist
[2025-03-10 16:00:58] [javac-output-49565] import org.apache.log4j.LogManager;
[2025-03-10 16:00:58] [javac-output-49565]                        ^
[2025-03-10 16:00:58] [javac-output-49565] /Users/pripum/Documents/codeql-snyk-github-testing/codeql-and-workflows/src/verademo/app/src/main/java/com/veracode/verademo/controller/ResetController.java:22: error: package org.apache.log4j does not exist
[2025-03-10 16:00:58] [javac-output-49565] import org.apache.log4j.Logger;
[2025-03-10 16:00:58] [javac-output-49565]                        ^
[2025-03-10 16:00:58] [javac-output-49565] /Users/pripum/Documents/codeql-snyk-github-testing/codeql-and-workflows/src/verademo/app/src/main/java/com/veracode/verademo/controller/ResetController.java:23: error: package org.springframework.beans.factory.annotation does not exist
[2025-03-10 16:00:58] [javac-output-49565] import org.springframework.beans.factory.annotation.Autowired;
[2025-03-10 16:00:58] [javac-output-49565]                                                    ^
[2025-03-10 16:00:58] [javac-output-49565] /Users/pripum/Documents/codeql-snyk-github-testing/codeql-and-workflows/src/verademo/app/src/main/java/com/veracode/verademo/controller/ResetController.java:24: error: package org.springframework.context.annotation does not exist
[2025-03-10 16:00:58] [javac-output-49565] import org.springframework.context.annotation.Scope;
[2025-03-10 16:00:58] [javac-output-49565]                                              ^
[2025-03-10 16:00:58] [javac-output-49565] /Users/pripum/Documents/codeql-snyk-github-testing/codeql-and-workflows/src/verademo/app/src/main/java/com/veracode/verademo/controller/ResetController.java:25: error: package org.springframework.stereotype does not exist
[2025-03-10 16:00:58] [javac-output-49565] import org.springframework.stereotype.Controller;
[2025-03-10 16:00:58] [javac-output-49565]                                      ^
[2025-03-10 16:00:58] [javac-output-49565] /Users/pripum/Documents/codeql-snyk-github-testing/codeql-and-workflows/src/verademo/app/src/main/java/com/veracode/verademo/controller/ResetController.java:26: error: package org.springframework.ui does not exist
[2025-03-10 16:00:58] [javac-output-49565] import org.springframework.ui.Model;
[2025-03-10 16:00:58] [javac-output-49565]                              ^
[2025-03-10 16:00:58] [javac-output-49565] /Users/pripum/Documents/codeql-snyk-github-testing/codeql-and-workflows/src/verademo/app/src/main/java/com/veracode/verademo/controller/ResetController.java:27: error: package org.springframework.web.bind.annotation does not exist
[2025-03-10 16:00:58] [javac-output-49565] import org.springframework.web.bind.annotation.RequestMapping;
[2025-03-10 16:00:58] [javac-output-49565]                                               ^
[2025-03-10 16:00:58] [javac-output-49565] /Users/pripum/Documents/codeql-snyk-github-testing/codeql-and-workflows/src/verademo/app/src/main/java/com/veracode/verademo/controller/ResetController.java:28: error: package org.springframework.web.bind.annotation does not exist
[2025-03-10 16:00:58] [javac-output-49565] import org.springframework.web.bind.annotation.RequestMethod;
[2025-03-10 16:00:58] [javac-output-49565]                                               ^
[2025-03-10 16:00:58] [javac-output-49565] /Users/pripum/Documents/codeql-snyk-github-testing/codeql-and-workflows/src/verademo/app/src/main/java/com/veracode/verademo/controller/ResetController.java:29: error: package org.springframework.web.bind.annotation does not exist
[2025-03-10 16:00:58] [javac-output-49565] import org.springframework.web.bind.annotation.RequestParam;
[2025-03-10 16:00:58] [javac-output-49565]                                               ^
[2025-03-10 16:00:58] [javac-output-49565] /Users/pripum/Documents/codeql-snyk-github-testing/codeql-and-workflows/src/verademo/app/src/main/java/com/veracode/verademo/controller/ResetController.java:31: error: cannot find symbol
[2025-03-10 16:00:58] [javac-output-49565] @Controller
[2025-03-10 16:00:58] [javac-output-49565]  ^
[2025-03-10 16:00:58] [javac-output-49565]   symbol: class Controller
[2025-03-10 16:00:58] [javac-output-49565] /Users/pripum/Documents/codeql-snyk-github-testing/codeql-and-workflows/src/verademo/app/src/main/java/com/veracode/verademo/controller/ResetController.java:32: error: cannot find symbol
[2025-03-10 16:00:58] [javac-output-49565] @Scope("request")
[2025-03-10 16:00:58] [javac-output-49565]  ^
[2025-03-10 16:00:58] [javac-output-49565]   symbol: class Scope
[2025-03-10 16:00:58] [javac-output-49565] /Users/pripum/Documents/codeql-snyk-github-testing/codeql-and-workflows/src/verademo/app/src/main/java/com/veracode/verademo/controller/ResetController.java:34: error: cannot find symbol
[2025-03-10 16:00:58] [javac-output-49565] 	private static final Logger logger = LogManager.getLogger("VeraDemo:ResetController");
[2025-03-10 16:00:58] [javac-output-49565] 	                     ^
[2025-03-10 16:00:58] [javac-output-49565]   symbol:   class Logger
[2025-03-10 16:00:58] [javac-output-49565]   location: class ResetController
[2025-03-10 16:00:58] [javac-output-49565] /Users/pripum/Documents/codeql-snyk-github-testing/codeql-and-workflows/src/verademo/app/src/main/java/com/veracode/verademo/controller/ResetController.java:37: error: cannot find symbol
[2025-03-10 16:00:58] [javac-output-49565] 	ServletContext context;
[2025-03-10 16:00:58] [javac-output-49565] 	^
[2025-03-10 16:00:58] [javac-output-49565]   symbol:   class ServletContext
[2025-03-10 16:00:58] [javac-output-49565]   location: class ResetController
[2025-03-10 16:00:58] [javac-output-49565] /Users/pripum/Documents/codeql-snyk-github-testing/codeql-and-workflows/src/verademo/app/src/main/java/com/veracode/verademo/utils/User.java:8: error: package javax.xml.bind does not exist
[2025-03-10 16:00:58] [javac-output-49565] import javax.xml.bind.DatatypeConverter;
[2025-03-10 16:00:58] [javac-output-49565]                      ^
[2025-03-10 16:00:58] [javac-output-49565] /Users/pripum/Documents/codeql-snyk-github-testing/codeql-and-workflows/src/verademo/app/src/main/java/com/veracode/verademo/utils/User.java:10: error: package org.springframework.context.annotation does not exist
[2025-03-10 16:00:58] [javac-output-49565] import org.springframework.context.annotation.Scope;
[2025-03-10 16:00:58] [javac-output-49565]                                              ^
[2025-03-10 16:00:58] [javac-output-49565] /Users/pripum/Documents/codeql-snyk-github-testing/codeql-and-workflows/src/verademo/app/src/main/java/com/veracode/verademo/utils/User.java:11: error: package org.springframework.stereotype does not exist
[2025-03-10 16:00:58] [javac-output-49565] import org.springframework.stereotype.Component;
[2025-03-10 16:00:58] [javac-output-49565]                                      ^
[2025-03-10 16:00:58] [javac-output-49565] /Users/pripum/Documents/codeql-snyk-github-testing/codeql-and-workflows/src/verademo/app/src/main/java/com/veracode/verademo/utils/User.java:13: error: cannot find symbol
[2025-03-10 16:00:58] [javac-output-49565] @Component
[2025-03-10 16:00:58] [javac-output-49565]  ^
[2025-03-10 16:00:58] [javac-output-49565]   symbol: class Component
[2025-03-10 16:00:58] [javac-output-49565] /Users/pripum/Documents/codeql-snyk-github-testing/codeql-and-workflows/src/verademo/app/src/main/java/com/veracode/verademo/utils/User.java:14: error: cannot find symbol
[2025-03-10 16:00:58] [javac-output-49565] @Scope("session")
[2025-03-10 16:00:58] [javac-output-49565]  ^
[2025-03-10 16:00:58] [javac-output-49565]   symbol: class Scope
[2025-03-10 16:00:58] [javac-output-49565] /Users/pripum/Documents/codeql-snyk-github-testing/codeql-and-workflows/src/verademo/app/src/main/java/com/veracode/verademo/controller/ResetController.java:80: error: cannot find symbol
[2025-03-10 16:00:58] [javac-output-49565] 			Model model) {
[2025-03-10 16:00:58] [javac-output-49565] 			^
[2025-03-10 16:00:58] [javac-output-49565]   symbol:   class Model
[2025-03-10 16:00:58] [javac-output-49565]   location: class ResetController
[2025-03-10 16:00:58] [javac-output-49565] /Users/pripum/Documents/codeql-snyk-github-testing/codeql-and-workflows/src/verademo/app/src/main/java/com/veracode/verademo/controller/ToolsController.java:8: error: package javax.servlet does not exist
[2025-03-10 16:00:58] [javac-output-49565] import javax.servlet.ServletContext;
[2025-03-10 16:00:58] [javac-output-49565]                     ^
[2025-03-10 16:00:58] [javac-output-49565] /Users/pripum/Documents/codeql-snyk-github-testing/codeql-and-workflows/src/verademo/app/src/main/java/com/veracode/verademo/controller/ToolsController.java:10: error: package org.apache.log4j does not exist
[2025-03-10 16:00:58] [javac-output-49565] import org.apache.log4j.LogManager;
[2025-03-10 16:00:58] [javac-output-49565]                        ^
[2025-03-10 16:00:58] [javac-output-49565] /Users/pripum/Documents/codeql-snyk-github-testing/codeql-and-workflows/src/verademo/app/src/main/java/com/veracode/verademo/controller/ToolsController.java:11: error: package org.apache.log4j does not exist
[2025-03-10 16:00:58] [javac-output-49565] import org.apache.log4j.Logger;
[2025-03-10 16:00:58] [javac-output-49565]                        ^
[2025-03-10 16:00:58] [javac-output-49565] /Users/pripum/Documents/codeql-snyk-github-testing/codeql-and-workflows/src/verademo/app/src/main/java/com/veracode/verademo/controller/ToolsController.java:12: error: package org.springframework.beans.factory.annotation does not exist
[2025-03-10 16:00:58] [javac-output-49565] import org.springframework.beans.factory.annotation.Autowired;
[2025-03-10 16:00:58] [javac-output-49565]                                                    ^
[2025-03-10 16:00:58] [javac-output-49565] /Users/pripum/Documents/codeql-snyk-github-testing/codeql-and-workflows/src/verademo/app/src/main/java/com/veracode/verademo/controller/ToolsController.java:13: error: package org.springframework.context.annotation does not exist
[2025-03-10 16:00:58] [javac-output-49565] import org.springframework.context.annotation.Scope;
[2025-03-10 16:00:58] [javac-output-49565]                                              ^
[2025-03-10 16:00:58] [javac-output-49565] /Users/pripum/Documents/codeql-snyk-github-testing/codeql-and-workflows/src/verademo/app/src/main/java/com/veracode/verademo/controller/ToolsController.java:14: error: package org.springframework.stereotype does not exist
[2025-03-10 16:00:58] [javac-output-49565] import org.springframework.stereotype.Controller;
[2025-03-10 16:00:58] [javac-output-49565]                                      ^
[2025-03-10 16:00:58] [javac-output-49565] /Users/pripum/Documents/codeql-snyk-github-testing/codeql-and-workflows/src/verademo/app/src/main/java/com/veracode/verademo/controller/ToolsController.java:15: error: package org.springframework.ui does not exist
[2025-03-10 16:00:58] [javac-output-49565] import org.springframework.ui.Model;
[2025-03-10 16:00:58] [javac-output-49565]                              ^
[2025-03-10 16:00:58] [javac-output-49565] /Users/pripum/Documents/codeql-snyk-github-testing/codeql-and-workflows/src/verademo/app/src/main/java/com/veracode/verademo/controller/ToolsController.java:16: error: package org.springframework.web.bind.annotation does not exist
[2025-03-10 16:00:58] [javac-output-49565] import org.springframework.web.bind.annotation.RequestMapping;
[2025-03-10 16:00:58] [javac-output-49565]                                               ^
[2025-03-10 16:00:58] [javac-output-49565] /Users/pripum/Documents/codeql-snyk-github-testing/codeql-and-workflows/src/verademo/app/src/main/java/com/veracode/verademo/controller/ToolsController.java:17: error: package org.springframework.web.bind.annotation does not exist
[2025-03-10 16:00:58] [javac-output-49565] import org.springframework.web.bind.annotation.RequestMethod;
[2025-03-10 16:00:58] [javac-output-49565]                                               ^
[2025-03-10 16:00:58] [javac-output-49565] /Users/pripum/Documents/codeql-snyk-github-testing/codeql-and-workflows/src/verademo/app/src/main/java/com/veracode/verademo/controller/ToolsController.java:18: error: package org.springframework.web.bind.annotation does not exist
[2025-03-10 16:00:58] [javac-output-49565] import org.springframework.web.bind.annotation.RequestParam;
[2025-03-10 16:00:58] [javac-output-49565]                                               ^
[2025-03-10 16:00:58] [javac-output-49565] /Users/pripum/Documents/codeql-snyk-github-testing/codeql-and-workflows/src/verademo/app/src/main/java/com/veracode/verademo/controller/ToolsController.java:20: error: cannot find symbol
[2025-03-10 16:00:58] [javac-output-49565] @Controller
[2025-03-10 16:00:58] [javac-output-49565]  ^
[2025-03-10 16:00:58] [javac-output-49565]   symbol: class Controller
[2025-03-10 16:00:58] [javac-output-49565] /Users/pripum/Documents/codeql-snyk-github-testing/codeql-and-workflows/src/verademo/app/src/main/java/com/veracode/verademo/controller/ToolsController.java:21: error: cannot find symbol
[2025-03-10 16:00:58] [javac-output-49565] @Scope("request")
[2025-03-10 16:00:58] [javac-output-49565]  ^
[2025-03-10 16:00:58] [javac-output-49565]   symbol: class Scope
[2025-03-10 16:00:58] [javac-output-49565] /Users/pripum/Documents/codeql-snyk-github-testing/codeql-and-workflows/src/verademo/app/src/main/java/com/veracode/verademo/controller/ToolsController.java:23: error: cannot find symbol
[2025-03-10 16:00:58] [javac-output-49565] 	private static final Logger logger = LogManager.getLogger("VeraDemo:ToolsController");
[2025-03-10 16:00:58] [javac-output-49565] 	                     ^
[2025-03-10 16:00:58] [javac-output-49565]   symbol:   class Logger
[2025-03-10 16:00:58] [javac-output-49565]   location: class ToolsController
[2025-03-10 16:00:58] [javac-output-49565] /Users/pripum/Documents/codeql-snyk-github-testing/codeql-and-workflows/src/verademo/app/src/main/java/com/veracode/verademo/controller/ToolsController.java:26: error: cannot find symbol
[2025-03-10 16:00:58] [javac-output-49565] 	ServletContext context;
[2025-03-10 16:00:58] [javac-output-49565] 	^
[2025-03-10 16:00:58] [javac-output-49565]   symbol:   class ServletContext
[2025-03-10 16:00:58] [javac-output-49565]   location: class ToolsController
[2025-03-10 16:00:58] [javac-output-49565] /Users/pripum/Documents/codeql-snyk-github-testing/codeql-and-workflows/src/verademo/app/src/main/java/com/veracode/verademo/controller/ToolsController.java:34: error: cannot find symbol
[2025-03-10 16:00:58] [javac-output-49565] 	public String tools(@RequestParam(value = "host", required = false) String host, @RequestParam(value = "fortunefile", required = false) String fortuneFile, Model model) {
[2025-03-10 16:00:58] [javac-output-49565] 	                                                                                                                                                            ^
[2025-03-10 16:00:58] [javac-output-49565]   symbol:   class Model
[2025-03-10 16:00:58] [javac-output-49565]   location: class ToolsController
[2025-03-10 16:00:58] [javac-output-49565] /Users/pripum/Documents/codeql-snyk-github-testing/codeql-and-workflows/src/verademo/app/src/main/java/com/veracode/verademo/controller/UserController.java:25: error: package javax.mail does not exist
[2025-03-10 16:00:58] [javac-output-49565] import javax.mail.Message;
[2025-03-10 16:00:58] [javac-output-49565]                  ^
[2025-03-10 16:00:58] [javac-output-49565] /Users/pripum/Documents/codeql-snyk-github-testing/codeql-and-workflows/src/verademo/app/src/main/java/com/veracode/verademo/controller/UserController.java:26: error: package javax.mail does not exist
[2025-03-10 16:00:58] [javac-output-49565] import javax.mail.MessagingException;
[2025-03-10 16:00:58] [javac-output-49565]                  ^
[2025-03-10 16:00:58] [javac-output-49565] /Users/pripum/Documents/codeql-snyk-github-testing/codeql-and-workflows/src/verademo/app/src/main/java/com/veracode/verademo/controller/UserController.java:27: error: package javax.mail does not exist
[2025-03-10 16:00:58] [javac-output-49565] import javax.mail.Session;
[2025-03-10 16:00:58] [javac-output-49565]                  ^
[2025-03-10 16:00:58] [javac-output-49565] /Users/pripum/Documents/codeql-snyk-github-testing/codeql-and-workflows/src/verademo/app/src/main/java/com/veracode/verademo/controller/UserController.java:28: error: package javax.mail does not exist
[2025-03-10 16:00:58] [javac-output-49565] import javax.mail.Transport;
[2025-03-10 16:00:58] [javac-output-49565]                  ^
[2025-03-10 16:00:58] [javac-output-49565] /Users/pripum/Documents/codeql-snyk-github-testing/codeql-and-workflows/src/verademo/app/src/main/java/com/veracode/verademo/controller/UserController.java:29: error: package javax.mail.internet does not exist
[2025-03-10 16:00:58] [javac-output-49565] import javax.mail.internet.InternetAddress;
[2025-03-10 16:00:58] [javac-output-49565]                           ^
[2025-03-10 16:00:58] [javac-output-49565] /Users/pripum/Documents/codeql-snyk-github-testing/codeql-and-workflows/src/verademo/app/src/main/java/com/veracode/verademo/controller/UserController.java:30: error: package javax.mail.internet does not exist
[2025-03-10 16:00:58] [javac-output-49565] import javax.mail.internet.MimeMessage;
[2025-03-10 16:00:58] [javac-output-49565]                           ^
[2025-03-10 16:00:58] [javac-output-49565] /Users/pripum/Documents/codeql-snyk-github-testing/codeql-and-workflows/src/verademo/app/src/main/java/com/veracode/verademo/controller/UserController.java:31: error: package javax.servlet does not exist
[2025-03-10 16:00:58] [javac-output-49565] import javax.servlet.ServletContext;
[2025-03-10 16:00:58] [javac-output-49565]                     ^
[2025-03-10 16:00:58] [javac-output-49565] /Users/pripum/Documents/codeql-snyk-github-testing/codeql-and-workflows/src/verademo/app/src/main/java/com/veracode/verademo/controller/UserController.java:32: error: package javax.servlet.http does not exist
[2025-03-10 16:00:58] [javac-output-49565] import javax.servlet.http.HttpServletRequest;
[2025-03-10 16:00:58] [javac-output-49565]                          ^
[2025-03-10 16:00:58] [javac-output-49565] /Users/pripum/Documents/codeql-snyk-github-testing/codeql-and-workflows/src/verademo/app/src/main/java/com/veracode/verademo/controller/UserController.java:33: error: package javax.servlet.http does not exist
[2025-03-10 16:00:58] [javac-output-49565] import javax.servlet.http.HttpServletResponse;
[2025-03-10 16:00:58] [javac-output-49565]                          ^
[2025-03-10 16:00:58] [javac-output-49565] /Users/pripum/Documents/codeql-snyk-github-testing/codeql-and-workflows/src/verademo/app/src/main/java/com/veracode/verademo/controller/UserController.java:34: error: package javax.xml.bind does not exist
[2025-03-10 16:00:58] [javac-output-49565] import javax.xml.bind.DatatypeConverter;
[2025-03-10 16:00:58] [javac-output-49565]                      ^
[2025-03-10 16:00:58] [javac-output-49565] /Users/pripum/Documents/codeql-snyk-github-testing/codeql-and-workflows/src/verademo/app/src/main/java/com/veracode/verademo/controller/UserController.java:42: error: package org.apache.log4j does not exist
[2025-03-10 16:00:58] [javac-output-49565] import org.apache.log4j.LogManager;
[2025-03-10 16:00:58] [javac-output-49565]                        ^
